<testsuites id="" name="" tests="4" failures="0" skipped="0" errors="0" time="1.4735980000000002">
<testsuite name="APITests.spec.js" timestamp="2024-11-10T16:02:06.148Z" hostname="chromium" tests="4" failures="0" skipped="0" time="0.766" errors="0">
<testcase name="Get users" classname="APITests.spec.js" time="0.199">
<system-out>
<![CDATA[{
  page: [33m2[39m,
  per_page: [33m6[39m,
  total: [33m12[39m,
  total_pages: [33m2[39m,
  data: [
    {
      id: [33m7[39m,
      email: [32m'michael.lawson@reqres.in'[39m,
      first_name: [32m'Michael'[39m,
      last_name: [32m'Lawson'[39m,
      avatar: [32m'https://reqres.in/img/faces/7-image.jpg'[39m
    },
    {
      id: [33m8[39m,
      email: [32m'lindsay.ferguson@reqres.in'[39m,
      first_name: [32m'Lindsay'[39m,
      last_name: [32m'Ferguson'[39m,
      avatar: [32m'https://reqres.in/img/faces/8-image.jpg'[39m
    },
    {
      id: [33m9[39m,
      email: [32m'tobias.funke@reqres.in'[39m,
      first_name: [32m'Tobias'[39m,
      last_name: [32m'Funke'[39m,
      avatar: [32m'https://reqres.in/img/faces/9-image.jpg'[39m
    },
    {
      id: [33m10[39m,
      email: [32m'byron.fields@reqres.in'[39m,
      first_name: [32m'Byron'[39m,
      last_name: [32m'Fields'[39m,
      avatar: [32m'https://reqres.in/img/faces/10-image.jpg'[39m
    },
    {
      id: [33m11[39m,
      email: [32m'george.edwards@reqres.in'[39m,
      first_name: [32m'George'[39m,
      last_name: [32m'Edwards'[39m,
      avatar: [32m'https://reqres.in/img/faces/11-image.jpg'[39m
    },
    {
      id: [33m12[39m,
      email: [32m'rachel.howell@reqres.in'[39m,
      first_name: [32m'Rachel'[39m,
      last_name: [32m'Howell'[39m,
      avatar: [32m'https://reqres.in/img/faces/12-image.jpg'[39m
    }
  ],
  support: {
    url: [32m'https://contentcaddy.io?utm_source=reqres&utm_medium=json&utm_campaign=referral'[39m,
    text: [32m'Tired of writing endless social media content? Let Content Caddy generate it for you.'[39m
  }
}
]]>
</system-out>
</testcase>
<testcase name="Create users" classname="APITests.spec.js" time="0.255">
<system-out>
<![CDATA[{
  name: [32m'andrei'[39m,
  job: [32m'tester'[39m,
  id: [32m'258'[39m,
  createdAt: [32m'2024-11-10T16:02:37.812Z'[39m
}
]]>
</system-out>
</testcase>
<testcase name="Update users" classname="APITests.spec.js" time="0.158">
<system-out>
<![CDATA[{
  name: [32m'andrei'[39m,
  job: [32m'developer'[39m,
  updatedAt: [32m'2024-11-10T16:02:37.974Z'[39m
}
]]>
</system-out>
</testcase>
<testcase name="Delete users" classname="APITests.spec.js" time="0.154">
</testcase>
</testsuite>
</testsuites>